// Jest Snapshot v1, https://goo.gl/fbAQLP

exports[`renders homepage unchanged 1`] = `
<div
  className="todo-list-app"
>
  <h1>
    This is a project for 8th Light Ltd.
  </h1>
  <div
    className="todo-form"
  >
    <input
      onChange={[Function]}
      onKeyPress={[Function]}
      placeholder="Enter new todo"
      type="text"
    />
  </div>
  <div
    className="todo-list"
  >
    <ul />
  </div>
</div>
`;
